
> slyxyserver@2.29.0 test
> jest --runInBand

node.exe : FAIL __tests__/integration_friend_flow.test.js
At C:\Program Files\nodejs\npm.ps1:29 char:3
+   & $NODE_EXE $NPM_CLI_JS $args
+   ~~~~~~~~~~~~~~~~~~~~~~~~~~~~~
    + CategoryInfo          : NotSpecified: (FAIL __tests__/...nd_flow.test.js 
   :String) [], RemoteException
    + FullyQualifiedErrorId : NativeCommandError
 
  ΓùÅ Console

    console.warn
      [dynamoDBService] Local dev fallback store enabled explicitly via 
USE_DEV_STORE=true

    [0m [90m 53 |[39m
     [90m 54 |[39m   [36mif[39m (explicitTrue) {
    [31m[1m>[22m[39m[90m 55 |[39m     
console[33m.[39mwarn([32m'[dynamoDBService] Local dev fallback store 
enabled explicitly via USE_DEV_STORE=true'[39m)[33m;[39m
     [90m    |[39m             [31m[1m^[22m[39m
     [90m 56 |[39m     [36mreturn[39m [36mtrue[39m[33m;[39m
     [90m 57 |[39m   }
     [90m 58 |[39m[0m

      at warn (utils/dynamoDBService.js:55:13)
      at Object.shouldUseDevStoreFallback (utils/dynamoDBService.js:88:23)
      at Object.require (__tests__/integration_friend_flow.test.js:8:13)

    console.log
      [2026-07-05T16:34:35.681Z] [INFO] [env] Loaded environment variables 
from: C:\Users\Ankit\Documents\mroverx\projects\SLYXY.com\slyxyserver\.env

      at Function.logFn [as _log] (utils/logger.js:193:9)

    console.log
      [2026-07-05T16:34:36.311Z] [INFO] [health] Registered service: database

      at Function.logFn [as _log] (utils/logger.js:193:9)

    console.log
      [2026-07-05T16:34:36.313Z] [INFO] [dynamodb] ≡ƒöÉ DynamoDB region: 
ap-south-1, table: oververseDB

      at Function.logFn [as _log] (utils/logger.js:193:9)

    console.log
      [2026-07-05T16:34:36.314Z] [INFO] [aws] Γÿü∩╕Å S3 uploads enabled; 
bucket: slyxy-buckets; publicUrl: none; profileFolder: user

      at Function.logFn [as _log] (utils/logger.js:193:9)

    console.log
      [2026-07-05T16:34:36.334Z] [INFO] [startup] WebSocket server listening { 
bind: '0.0.0.0', advertisedIP: '127.0.0.1', port: '0' }

      at Function.logFn [as _log] (utils/logger.js:191:9)

    console.log
      [2026-07-05T16:34:36.335Z] [INFO] [health] Health monitoring started 
(60s interval)

      at Function.logFn [as _log] (utils/logger.js:193:9)

    console.log
      [2026-07-05T16:34:36.335Z] [INFO] [startup] Health monitoring started

      at Function.logFn [as _log] (utils/logger.js:193:9)

    console.log
      [2026-07-05T16:34:36.420Z] [INFO] [connection] ≡ƒƒó Client connected { 
socketId: 'AFluuftYlef-PW45AAAD' }

      at Function.logFn [as _log] (utils/logger.js:191:9)

    console.log
      [2026-07-05T16:34:36.426Z] [INFO] [register_user] ≡ƒôÑ Received user 
data (0KB) {
        socketId: 'AFluuftYlef-PW45AAAD',
        dataSizeBytes: 47,
        hasProfileImage: 'no',
        profileImageSizeKB: 0
      }

      at Function.logFn [as _log] (utils/logger.js:191:9)

    console.log
      [2026-07-05T16:34:36.428Z] [INFO] [register_user] Γ£à User registered {
        socketId: 'AFluuftYlef-PW45AAAD',
        userId: 'bob_1783269276317',
        userName: 'Bob',
        hasProfileImage: false,
        imageSizeKB: 0
      }

      at Function.logFn [as _log] (utils/logger.js:191:9)

    console.log
      [2026-07-05T16:34:36.466Z] [INFO] [friends/add] Friend request created {
        userId: 'alice_1783269276317',
        friendId: 'bob_1783269276317',
        requestId: 'alice_1783269276317|bob_1783269276317'
      }

      at Function.logFn [as _log] (utils/logger.js:191:9)

    console.log
      [2026-07-05T16:34:36.576Z] [INFO] [disconnect] Client disconnected: 
client namespace disconnect { socketId: 'S5HwiR6RxoxWVaL9AAAF' }

      at Function.logFn [as _log] (utils/logger.js:191:9)

    console.log
      [2026-07-05T16:34:38.593Z] [INFO] [health] Health monitoring stopped

      at Function.logFn [as _log] (utils/logger.js:193:9)

  ΓùÅ Integration: Complete Friend Request Flow with Sockets ΓÇ║ Bob accepts 
friend request from Alice

    AxiosError: Request failed with status code 400

      at settle (node_modules/axios/dist/node/axios.cjs:2216:12)
      at IncomingMessage.handleStreamEnd 
(node_modules/axios/dist/node/axios.cjs:4062:11)

  ΓùÅ Integration: Complete Friend Request Flow with Sockets ΓÇ║ Verify Alice 
and Bob are now friends

    AxiosError: Request failed with status code 400

    [0m [90m 217 |[39m
     [90m 218 |[39m   test([32m'Verify Alice and Bob are now 
friends'[39m[33m,[39m [36masync[39m () [33m=>[39m {
    [31m[1m>[22m[39m[90m 219 |[39m     [36mconst[39m aliceFriends 
[33m=[39m [36mawait[39m 
axios[33m.[39m[36mget[39m([32m`${baseUrl()}/friends/list`[39m[33m,[39m 
{
     [90m     |[39m                          [31m[1m^[22m[39m
     [90m 220 |[39m       headers[33m:[39m { userId[33m:[39m 
alice[33m.[39muserId }[33m,[39m
     [90m 221 |[39m     })[33m;[39m
     [90m 222 |[39m[0m

      at settle (node_modules/axios/dist/node/axios.cjs:2216:12)
      at IncomingMessage.handleStreamEnd 
(node_modules/axios/dist/node/axios.cjs:4062:11)
      at Axios.request (node_modules/axios/dist/node/axios.cjs:5517:41)
      at Object.<anonymous> (__tests__/integration_friend_flow.test.js:219:26)

  ΓùÅ Integration: Complete Friend Request Flow with Sockets ΓÇ║ Multiple 
concurrent friend requests work correctly

    AxiosError: Request failed with status code 400

    [0m [90m 252 |[39m
     [90m 253 |[39m     [90m// Get Charlie's incoming requests[39m
    [31m[1m>[22m[39m[90m 254 |[39m     [36mconst[39m incomingReqs 
[33m=[39m [36mawait[39m axios[33m.[39m[36mget[39m([32m`${baseUrl()}/fr
iends/requests/incoming`[39m[33m,[39m {
     [90m     |[39m                          [31m[1m^[22m[39m
     [90m 255 |[39m       headers[33m:[39m { userId[33m:[39m 
charlie[33m.[39muserId }[33m,[39m
     [90m 256 |[39m     })[33m;[39m
     [90m 257 |[39m[0m

      at settle (node_modules/axios/dist/node/axios.cjs:2216:12)
      at IncomingMessage.handleStreamEnd 
(node_modules/axios/dist/node/axios.cjs:4062:11)
      at Axios.request (node_modules/axios/dist/node/axios.cjs:5517:41)
      at Object.<anonymous> (__tests__/integration_friend_flow.test.js:254:26)

  ΓùÅ Integration: Complete Friend Request Flow with Sockets ΓÇ║ Remove friend 
after acceptance

    AxiosError: Request failed with status code 400

    [0m [90m 265 |[39m   test([32m'Remove friend after 
acceptance'[39m[33m,[39m [36masync[39m () [33m=>[39m {
     [90m 266 |[39m     [90m// Verify they're friends[39m
    [31m[1m>[22m[39m[90m 267 |[39m     [36mconst[39m friendsBefore 
[33m=[39m [36mawait[39m 
axios[33m.[39m[36mget[39m([32m`${baseUrl()}/friends/list`[39m[33m,[39m 
{
     [90m     |[39m                           [31m[1m^[22m[39m
     [90m 268 |[39m       headers[33m:[39m { userId[33m:[39m 
alice[33m.[39muserId }[33m,[39m
     [90m 269 |[39m     })[33m;[39m
     [90m 270 |[39m[0m

      at settle (node_modules/axios/dist/node/axios.cjs:2216:12)
      at IncomingMessage.handleStreamEnd 
(node_modules/axios/dist/node/axios.cjs:4062:11)
      at Axios.request (node_modules/axios/dist/node/axios.cjs:5517:41)
      at Object.<anonymous> (__tests__/integration_friend_flow.test.js:267:27)

  ΓùÅ Integration: Complete Friend Request Flow with Sockets ΓÇ║ Reject friend 
request

    AxiosError: Request failed with status code 409

    [0m [90m 291 |[39m   test([32m'Reject friend request'[39m[33m,[39m 
[36masync[39m () [33m=>[39m {
     [90m 292 |[39m     [90m// Bob sends request to Charlie[39m
    [31m[1m>[22m[39m[90m 293 |[39m     [36mawait[39m 
axios[33m.[39mpost([32m`${baseUrl()}/friends/add`[39m[33m,[39m {
     [90m     |[39m     [31m[1m^[22m[39m
     [90m 294 |[39m       userId[33m:[39m bob[33m.[39muserId[33m,[39m
     [90m 295 |[39m       friendId[33m:[39m 
charlie[33m.[39muserId[33m,[39m
     [90m 296 |[39m     })[33m;[39m[0m

      at settle (node_modules/axios/dist/node/axios.cjs:2216:12)
      at IncomingMessage.handleStreamEnd 
(node_modules/axios/dist/node/axios.cjs:4062:11)
      at Axios.request (node_modules/axios/dist/node/axios.cjs:5517:41)
      at Object.<anonymous> (__tests__/integration_friend_flow.test.js:293:5)

  ΓùÅ Integration: Complete Friend Request Flow with Sockets ΓÇ║ Cancel 
outgoing friend request

    AxiosError: Request failed with status code 409

    [0m [90m 325 |[39m   test([32m'Cancel outgoing friend 
request'[39m[33m,[39m [36masync[39m () [33m=>[39m {
     [90m 326 |[39m     [90m// Alice sends request to Charlie[39m
    [31m[1m>[22m[39m[90m 327 |[39m     [36mconst[39m sendRes 
[33m=[39m [36mawait[39m 
axios[33m.[39mpost([32m`${baseUrl()}/friends/add`[39m[33m,[39m {
     [90m     |[39m                     [31m[1m^[22m[39m
     [90m 328 |[39m       userId[33m:[39m alice[33m.[39muserId[33m,[39m
     [90m 329 |[39m       friendId[33m:[39m 
charlie[33m.[39muserId[33m,[39m
     [90m 330 |[39m     })[33m;[39m[0m

      at settle (node_modules/axios/dist/node/axios.cjs:2216:12)
      at IncomingMessage.handleStreamEnd 
(node_modules/axios/dist/node/axios.cjs:4062:11)
      at Axios.request (node_modules/axios/dist/node/axios.cjs:5517:41)
      at Object.<anonymous> (__tests__/integration_friend_flow.test.js:327:21)

PASS __tests__/integration_friend_add.test.js
  ΓùÅ Console

    console.warn
      [dynamoDBService] Local dev fallback store enabled explicitly via 
USE_DEV_STORE=true

    [0m [90m 53 |[39m
     [90m 54 |[39m   [36mif[39m (explicitTrue) {
    [31m[1m>[22m[39m[90m 55 |[39m     
console[33m.[39mwarn([32m'[dynamoDBService] Local dev fallback store 
enabled explicitly via USE_DEV_STORE=true'[39m)[33m;[39m
     [90m    |[39m             [31m[1m^[22m[39m
     [90m 56 |[39m     [36mreturn[39m [36mtrue[39m[33m;[39m
     [90m 57 |[39m   }
     [90m 58 |[39m[0m

      at warn (utils/dynamoDBService.js:55:13)
      at Object.shouldUseDevStoreFallback (utils/dynamoDBService.js:88:23)
      at Object.require (__tests__/integration_friend_add.test.js:3:13)

    console.log
      [2026-07-05T16:34:38.910Z] [INFO] [env] Loaded environment variables 
from: C:\Users\Ankit\Documents\mroverx\projects\SLYXY.com\slyxyserver\.env

      at Function.logFn [as _log] (utils/logger.js:193:9)

    console.log
      [2026-07-05T16:34:39.096Z] [INFO] [health] Registered service: database

      at Function.logFn [as _log] (utils/logger.js:193:9)

    console.log
      [2026-07-05T16:34:39.097Z] [INFO] [dynamodb] ≡ƒöÉ DynamoDB region: 
ap-south-1, table: oververseDB

      at Function.logFn [as _log] (utils/logger.js:193:9)

    console.log
      [2026-07-05T16:34:39.097Z] [INFO] [aws] Γÿü∩╕Å S3 uploads enabled; 
bucket: slyxy-buckets; publicUrl: none; profileFolder: user

      at Function.logFn [as _log] (utils/logger.js:193:9)

    console.log
      [2026-07-05T16:34:39.100Z] [INFO] [startup] WebSocket server listening { 
bind: '0.0.0.0', advertisedIP: '127.0.0.1', port: '0' }

      at Function.logFn [as _log] (utils/logger.js:191:9)

    console.log
      [2026-07-05T16:34:39.101Z] [INFO] [health] Health monitoring started 
(60s interval)

      at Function.logFn [as _log] (utils/logger.js:193:9)

    console.log
      [2026-07-05T16:34:39.101Z] [INFO] [startup] Health monitoring started

      at Function.logFn [as _log] (utils/logger.js:193:9)

    console.log
      [2026-07-05T16:34:39.171Z] [INFO] [connection] ≡ƒƒó Client connected { 
socketId: 'QzJbcHS7r02dVkobAAAB' }

      at Function.logFn [as _log] (utils/logger.js:191:9)

    console.log
      [2026-07-05T16:34:39.173Z] [INFO] [register_user] ≡ƒôÑ Received user 
data (0KB) {
        socketId: 'QzJbcHS7r02dVkobAAAB',
        dataSizeBytes: 76,
        hasProfileImage: 'no',
        profileImageSizeKB: 0
      }

      at Function.logFn [as _log] (utils/logger.js:191:9)

    console.log
      [2026-07-05T16:34:39.174Z] [INFO] [register_user] Γ£à User registered {
        socketId: 'QzJbcHS7r02dVkobAAAB',
        userId: 'itest_recipient_1783269279099',
        userName: 'IntegrationRecipient',
        hasProfileImage: false,
        imageSizeKB: 0
      }

      at Function.logFn [as _log] (utils/logger.js:191:9)

    console.log
      [2026-07-05T16:34:39.196Z] [INFO] [friends/add] Friend request created {
        userId: 'itest_sender_1783269279099',
        friendId: 'itest_recipient_1783269279099',
        requestId: 'itest_sender_1783269279099|itest_recipient_1783269279099'
      }

      at Function.logFn [as _log] (utils/logger.js:191:9)

    console.log
      [2026-07-05T16:34:39.210Z] [INFO] [disconnect] Client disconnected: 
client namespace disconnect { socketId: 'QzJbcHS7r02dVkobAAAB' }

      at Function.logFn [as _log] (utils/logger.js:191:9)

    console.log
      [2026-07-05T16:34:41.222Z] [INFO] [health] Health monitoring stopped

      at Function.logFn [as _log] (utils/logger.js:193:9)

PASS __tests__/profileValidation.test.js
PASS __tests__/dynamoDBService.friends.test.js
  ΓùÅ Console

    console.warn
      [dynamoDBService] Local dev fallback store enabled explicitly via 
USE_DEV_STORE=true

    [0m [90m 53 |[39m
     [90m 54 |[39m   [36mif[39m (explicitTrue) {
    [31m[1m>[22m[39m[90m 55 |[39m     
console[33m.[39mwarn([32m'[dynamoDBService] Local dev fallback store 
enabled explicitly via USE_DEV_STORE=true'[39m)[33m;[39m
     [90m    |[39m             [31m[1m^[22m[39m
     [90m 56 |[39m     [36mreturn[39m [36mtrue[39m[33m;[39m
     [90m 57 |[39m   }
     [90m 58 |[39m[0m

      at warn (utils/dynamoDBService.js:55:13)
      at Object.shouldUseDevStoreFallback (utils/dynamoDBService.js:88:23)
      at Object.require (__tests__/dynamoDBService.friends.test.js:21:21)

    console.warn
      [dynamoDBService] Local dev fallback store enabled explicitly via 
USE_DEV_STORE=true

    [0m [90m 53 |[39m
     [90m 54 |[39m   [36mif[39m (explicitTrue) {
    [31m[1m>[22m[39m[90m 55 |[39m     
console[33m.[39mwarn([32m'[dynamoDBService] Local dev fallback store 
enabled explicitly via USE_DEV_STORE=true'[39m)[33m;[39m
     [90m    |[39m             [31m[1m^[22m[39m
     [90m 56 |[39m     [36mreturn[39m [36mtrue[39m[33m;[39m
     [90m 57 |[39m   }
     [90m 58 |[39m[0m

      at warn (utils/dynamoDBService.js:55:13)
      at Object.shouldUseDevStoreFallback (utils/dynamoDBService.js:88:23)
      at Object.require (__tests__/dynamoDBService.friends.test.js:65:21)

PASS __tests__/userCache.test.js
PASS __tests__/friendRequestPersistence.test.js
  ΓùÅ Console

    console.warn
      [dynamoDBService] Local dev fallback store enabled explicitly via 
USE_DEV_STORE=true

    [0m [90m 53 |[39m
     [90m 54 |[39m   [36mif[39m (explicitTrue) {
    [31m[1m>[22m[39m[90m 55 |[39m     
console[33m.[39mwarn([32m'[dynamoDBService] Local dev fallback store 
enabled explicitly via USE_DEV_STORE=true'[39m)[33m;[39m
     [90m    |[39m             [31m[1m^[22m[39m
     [90m 56 |[39m     [36mreturn[39m [36mtrue[39m[33m;[39m
     [90m 57 |[39m   }
     [90m 58 |[39m[0m

      at warn (utils/dynamoDBService.js:55:13)
      at Object.shouldUseDevStoreFallback (utils/dynamoDBService.js:88:23)
      at Object.require (__tests__/friendRequestPersistence.test.js:18:17)

    console.log
      [2026-07-05T16:34:42.129Z] [INFO] [persistFriendRequestOnUser] User 
record missing; keeping friend request reference without creating placeholder 
profile { userId: 'u1', requestId: 'u1|u2' }

      at Function.logFn [as _log] (utils/logger.js:191:9)
          at async Promise.all (index 0)

    console.warn
      [dynamoDBService] Local dev fallback store enabled explicitly via 
USE_DEV_STORE=true

    [0m [90m 53 |[39m
     [90m 54 |[39m   [36mif[39m (explicitTrue) {
    [31m[1m>[22m[39m[90m 55 |[39m     
console[33m.[39mwarn([32m'[dynamoDBService] Local dev fallback store 
enabled explicitly via USE_DEV_STORE=true'[39m)[33m;[39m
     [90m    |[39m             [31m[1m^[22m[39m
     [90m 56 |[39m     [36mreturn[39m [36mtrue[39m[33m;[39m
     [90m 57 |[39m   }
     [90m 58 |[39m[0m

      at warn (utils/dynamoDBService.js:55:13)
      at Object.shouldUseDevStoreFallback (utils/dynamoDBService.js:88:23)
      at Object.require (__tests__/friendRequestPersistence.test.js:29:17)

    console.log
      [2026-07-05T16:34:42.166Z] [INFO] [persistFriendRequestOnUser] User 
record missing; keeping friend request reference without creating placeholder 
profile { userId: 'u1', requestId: 'u1|u2' }

      at Function.logFn [as _log] (utils/logger.js:191:9)
          at async Promise.all (index 0)

    console.warn
      [dynamoDBService] Local dev fallback store enabled explicitly via 
USE_DEV_STORE=true

    [0m [90m 53 |[39m
     [90m 54 |[39m   [36mif[39m (explicitTrue) {
    [31m[1m>[22m[39m[90m 55 |[39m     
console[33m.[39mwarn([32m'[dynamoDBService] Local dev fallback store 
enabled explicitly via USE_DEV_STORE=true'[39m)[33m;[39m
     [90m    |[39m             [31m[1m^[22m[39m
     [90m 56 |[39m     [36mreturn[39m [36mtrue[39m[33m;[39m
     [90m 57 |[39m   }
     [90m 58 |[39m[0m

      at warn (utils/dynamoDBService.js:55:13)
      at Object.shouldUseDevStoreFallback (utils/dynamoDBService.js:88:23)
      at Object.require (__tests__/friendRequestPersistence.test.js:46:17)

    console.log
      [2026-07-05T16:34:42.199Z] [INFO] [persistFriendRequestOnUser] User 
record missing; keeping friend request reference without creating placeholder 
profile { userId: 'u1', requestId: 'u1|u2' }

      at Function.logFn [as _log] (utils/logger.js:191:9)
          at async Promise.all (index 0)

    console.warn
      [dynamoDBService] Local dev fallback store enabled explicitly via 
USE_DEV_STORE=true

    [0m [90m 53 |[39m
     [90m 54 |[39m   [36mif[39m (explicitTrue) {
    [31m[1m>[22m[39m[90m 55 |[39m     
console[33m.[39mwarn([32m'[dynamoDBService] Local dev fallback store 
enabled explicitly via USE_DEV_STORE=true'[39m)[33m;[39m
     [90m    |[39m             [31m[1m^[22m[39m
     [90m 56 |[39m     [36mreturn[39m [36mtrue[39m[33m;[39m
     [90m 57 |[39m   }
     [90m 58 |[39m[0m

      at warn (utils/dynamoDBService.js:55:13)
      at Object.shouldUseDevStoreFallback (utils/dynamoDBService.js:88:23)
      at Object.require (__tests__/friendRequestPersistence.test.js:58:17)

    console.warn
      [dynamoDBService] Local dev fallback store enabled explicitly via 
USE_DEV_STORE=true

    [0m [90m 53 |[39m
     [90m 54 |[39m   [36mif[39m (explicitTrue) {
    [31m[1m>[22m[39m[90m 55 |[39m     
console[33m.[39mwarn([32m'[dynamoDBService] Local dev fallback store 
enabled explicitly via USE_DEV_STORE=true'[39m)[33m;[39m
     [90m    |[39m             [31m[1m^[22m[39m
     [90m 56 |[39m     [36mreturn[39m [36mtrue[39m[33m;[39m
     [90m 57 |[39m   }
     [90m 58 |[39m[0m

      at warn (utils/dynamoDBService.js:55:13)
      at Object.shouldUseDevStoreFallback (utils/dynamoDBService.js:88:23)
      at Object.require (__tests__/friendRequestPersistence.test.js:73:17)

PASS __tests__/dynamodb_auth_persistence.test.js
  ΓùÅ Console

    console.warn
      [dynamoDBService] Local dev fallback store enabled explicitly via 
USE_DEV_STORE=true

    [0m [90m 53 |[39m
     [90m 54 |[39m   [36mif[39m (explicitTrue) {
    [31m[1m>[22m[39m[90m 55 |[39m     
console[33m.[39mwarn([32m'[dynamoDBService] Local dev fallback store 
enabled explicitly via USE_DEV_STORE=true'[39m)[33m;[39m
     [90m    |[39m             [31m[1m^[22m[39m
     [90m 56 |[39m     [36mreturn[39m [36mtrue[39m[33m;[39m
     [90m 57 |[39m   }
     [90m 58 |[39m[0m

      at warn (utils/dynamoDBService.js:55:13)
      at Object.shouldUseDevStoreFallback (utils/dynamoDBService.js:88:23)
      at require (__tests__/dynamodb_auth_persistence.test.js:10:10)
      at Object.loadDdbService 
(__tests__/dynamodb_auth_persistence.test.js:25:24)

PASS __tests__/validation.test.js
PASS __tests__/dynamoDBService.devFallback.test.js
PASS __tests__/dynamoDBService.friendRequests.test.js
  ΓùÅ Console

    console.warn
      [dynamoDBService] Local dev fallback store enabled explicitly via 
USE_DEV_STORE=true

    [0m [90m 53 |[39m
     [90m 54 |[39m   [36mif[39m (explicitTrue) {
    [31m[1m>[22m[39m[90m 55 |[39m     
console[33m.[39mwarn([32m'[dynamoDBService] Local dev fallback store 
enabled explicitly via USE_DEV_STORE=true'[39m)[33m;[39m
     [90m    |[39m             [31m[1m^[22m[39m
     [90m 56 |[39m     [36mreturn[39m [36mtrue[39m[33m;[39m
     [90m 57 |[39m   }
     [90m 58 |[39m[0m

      at warn (utils/dynamoDBService.js:55:13)
      at Object.shouldUseDevStoreFallback (utils/dynamoDBService.js:88:23)
      at Object.require (__tests__/dynamoDBService.friendRequests.test.js:9:88)

PASS __tests__/email-validation.test.js
  ΓùÅ Console

    console.warn
      [dynamoDBService] Local dev fallback store enabled explicitly via 
USE_DEV_STORE=true

    [0m [90m 53 |[39m
     [90m 54 |[39m   [36mif[39m (explicitTrue) {
    [31m[1m>[22m[39m[90m 55 |[39m     
console[33m.[39mwarn([32m'[dynamoDBService] Local dev fallback store 
enabled explicitly via USE_DEV_STORE=true'[39m)[33m;[39m
     [90m    |[39m             [31m[1m^[22m[39m
     [90m 56 |[39m     [36mreturn[39m [36mtrue[39m[33m;[39m
     [90m 57 |[39m   }
     [90m 58 |[39m[0m

      at warn (utils/dynamoDBService.js:55:13)
      at Object.shouldUseDevStoreFallback (utils/dynamoDBService.js:88:23)
      at Object.require (__tests__/email-validation.test.js:4:17)

PASS __tests__/logger.test.js
PASS __tests__/duplicate-email-prevention.test.js
  ΓùÅ Console

    console.warn
      [dynamoDBService] Local dev fallback store enabled explicitly via 
USE_DEV_STORE=true

    [0m [90m 53 |[39m
     [90m 54 |[39m   [36mif[39m (explicitTrue) {
    [31m[1m>[22m[39m[90m 55 |[39m     
console[33m.[39mwarn([32m'[dynamoDBService] Local dev fallback store 
enabled explicitly via USE_DEV_STORE=true'[39m)[33m;[39m
     [90m    |[39m             [31m[1m^[22m[39m
     [90m 56 |[39m     [36mreturn[39m [36mtrue[39m[33m;[39m
     [90m 57 |[39m   }
     [90m 58 |[39m[0m

      at warn (utils/dynamoDBService.js:55:13)
      at Object.shouldUseDevStoreFallback (utils/dynamoDBService.js:88:23)
      at Object.require (__tests__/duplicate-email-prevention.test.js:8:5)

PASS __tests__/s3Service.test.js
PASS __tests__/dynamoDBService.test.js
  ΓùÅ Console

    console.warn
      [dynamoDBService] Local dev fallback store enabled explicitly via 
USE_DEV_STORE=true

    [0m [90m 53 |[39m
     [90m 54 |[39m   [36mif[39m (explicitTrue) {
    [31m[1m>[22m[39m[90m 55 |[39m     
console[33m.[39mwarn([32m'[dynamoDBService] Local dev fallback store 
enabled explicitly via USE_DEV_STORE=true'[39m)[33m;[39m
     [90m    |[39m             [31m[1m^[22m[39m
     [90m 56 |[39m     [36mreturn[39m [36mtrue[39m[33m;[39m
     [90m 57 |[39m   }
     [90m 58 |[39m[0m

      at warn (utils/dynamoDBService.js:55:13)
      at Object.shouldUseDevStoreFallback (utils/dynamoDBService.js:88:23)
      at Object.require (__tests__/dynamoDBService.test.js:1:86)


Test Suites: 1 failed, 14 passed, 15 total
Tests:       6 failed, 49 passed, 55 total
Snapshots:   0 total
Time:        8.941 s, estimated 11 s
Ran all test suites.
